Archive member included because of file (symbol)

c:/program files/atmel/avr tools/avr toolchain/bin/../lib/gcc/avr/4.5.1/avr51\libgcc.a(_exit.o)
                              c:/program files/atmel/avr tools/avr toolchain/bin/../lib/gcc/avr/4.5.1/../../../../avr/lib/avr51/crtm128.o (exit)
c:/program files/atmel/avr tools/avr toolchain/bin/../lib/gcc/avr/4.5.1/avr51\libgcc.a(_copy_data.o)
                              test.o (__do_copy_data)
c:/program files/atmel/avr tools/avr toolchain/bin/../lib/gcc/avr/4.5.1/avr51\libgcc.a(_clear_bss.o)
                              test.o (__do_clear_bss)
c:/program files/atmel/avr tools/avr toolchain/bin/../lib/gcc/avr/4.5.1/../../../../avr/lib/avr51\libc.a(iob.o)
                              test.o (__iob)
c:/program files/atmel/avr tools/avr toolchain/bin/../lib/gcc/avr/4.5.1/../../../../avr/lib/avr51\libc.a(printf_p.o)
                              test.o (printf_P)
c:/program files/atmel/avr tools/avr toolchain/bin/../lib/gcc/avr/4.5.1/../../../../avr/lib/avr51\libc.a(vfprintf_std.o)
                              c:/program files/atmel/avr tools/avr toolchain/bin/../lib/gcc/avr/4.5.1/../../../../avr/lib/avr51\libc.a(printf_p.o) (vfprintf)
c:/program files/atmel/avr tools/avr toolchain/bin/../lib/gcc/avr/4.5.1/../../../../avr/lib/avr51\libc.a(strnlen_P.o)
                              c:/program files/atmel/avr tools/avr toolchain/bin/../lib/gcc/avr/4.5.1/../../../../avr/lib/avr51\libc.a(vfprintf_std.o) (strnlen_P)
c:/program files/atmel/avr tools/avr toolchain/bin/../lib/gcc/avr/4.5.1/../../../../avr/lib/avr51\libc.a(strnlen.o)
                              c:/program files/atmel/avr tools/avr toolchain/bin/../lib/gcc/avr/4.5.1/../../../../avr/lib/avr51\libc.a(vfprintf_std.o) (strnlen)
c:/program files/atmel/avr tools/avr toolchain/bin/../lib/gcc/avr/4.5.1/../../../../avr/lib/avr51\libc.a(fputc.o)
                              c:/program files/atmel/avr tools/avr toolchain/bin/../lib/gcc/avr/4.5.1/../../../../avr/lib/avr51\libc.a(vfprintf_std.o) (fputc)
c:/program files/atmel/avr tools/avr toolchain/bin/../lib/gcc/avr/4.5.1/../../../../avr/lib/avr51\libc.a(ultoa_invert.o)
                              c:/program files/atmel/avr tools/avr toolchain/bin/../lib/gcc/avr/4.5.1/../../../../avr/lib/avr51\libc.a(vfprintf_std.o) (__ultoa_invert)

Allocating common symbols
Common symbol       size              file

ddata               0x1               test.o
bufu1               0x100             test.o
message             0x100             test.o
ii                  0x2               test.o
cddata              0x1               test.o
bufu1_index         0x2               test.o
__iob               0x6               c:/program files/atmel/avr tools/avr toolchain/bin/../lib/gcc/avr/4.5.1/../../../../avr/lib/avr51\libc.a(iob.o)

Memory Configuration

Name             Origin             Length             Attributes
text             0x00000000         0x00020000         xr
data             0x00800100         0x0000ff00         rw !x
eeprom           0x00810000         0x00010000         rw !x
fuse             0x00820000         0x00000400         rw !x
lock             0x00830000         0x00000400         rw !x
signature        0x00840000         0x00000400         rw !x
*default*        0x00000000         0xffffffff

Linker script and memory map

Address of section .data set to 0x800100
LOAD c:/program files/atmel/avr tools/avr toolchain/bin/../lib/gcc/avr/4.5.1/../../../../avr/lib/avr51/crtm128.o
LOAD test.o
LOAD ht1632_ledbord.o
LOAD BoardPrinter.o
LOAD watch.o
LOAD c:/program files/atmel/avr tools/avr toolchain/bin/../lib/gcc/avr/4.5.1/avr51\libgcc.a
LOAD c:/program files/atmel/avr tools/avr toolchain/bin/../lib/gcc/avr/4.5.1/../../../../avr/lib/avr51\libc.a
LOAD c:/program files/atmel/avr tools/avr toolchain/bin/../lib/gcc/avr/4.5.1/avr51\libgcc.a

.hash
 *(.hash)

.dynsym
 *(.dynsym)

.dynstr
 *(.dynstr)

.gnu.version
 *(.gnu.version)

.gnu.version_d
 *(.gnu.version_d)

.gnu.version_r
 *(.gnu.version_r)

.rel.init
 *(.rel.init)

.rela.init
 *(.rela.init)

.rel.text
 *(.rel.text)
 *(.rel.text.*)
 *(.rel.gnu.linkonce.t*)

.rela.text
 *(.rela.text)
 *(.rela.text.*)
 *(.rela.gnu.linkonce.t*)

.rel.fini
 *(.rel.fini)

.rela.fini
 *(.rela.fini)

.rel.rodata
 *(.rel.rodata)
 *(.rel.rodata.*)
 *(.rel.gnu.linkonce.r*)

.rela.rodata
 *(.rela.rodata)
 *(.rela.rodata.*)
 *(.rela.gnu.linkonce.r*)

.rel.data
 *(.rel.data)
 *(.rel.data.*)
 *(.rel.gnu.linkonce.d*)

.rela.data
 *(.rela.data)
 *(.rela.data.*)
 *(.rela.gnu.linkonce.d*)

.rel.ctors
 *(.rel.ctors)

.rela.ctors
 *(.rela.ctors)

.rel.dtors
 *(.rel.dtors)

.rela.dtors
 *(.rela.dtors)

.rel.got
 *(.rel.got)

.rela.got
 *(.rela.got)

.rel.bss
 *(.rel.bss)

.rela.bss
 *(.rela.bss)

.rel.plt
 *(.rel.plt)

.rela.plt
 *(.rela.plt)

.text           0x00000000     0x12ee
 *(.vectors)
 .vectors       0x00000000       0x8c c:/program files/atmel/avr tools/avr toolchain/bin/../lib/gcc/avr/4.5.1/../../../../avr/lib/avr51/crtm128.o
                0x00000000                __vector_default
                0x00000000                __vectors
 *(.vectors)
 *(.progmem.gcc*)
 *(.progmem*)
 .progmem.data  0x0000008c       0x55 test.o
                0x000000e2                . = ALIGN (0x2)
 *fill*         0x000000e1        0x1 00
                0x000000e2                __trampolines_start = .
 *(.trampolines)
 .trampolines   0x000000e2        0x0 linker stubs
 *(.trampolines*)
                0x000000e2                __trampolines_end = .
 *(.jumptables)
 *(.jumptables*)
 *(.lowtext)
 *(.lowtext*)
                0x000000e2                __ctors_start = .
 *(.ctors)
                0x000000e2                __ctors_end = .
                0x000000e2                __dtors_start = .
 *(.dtors)
                0x000000e2                __dtors_end = .
 SORT(*)(.ctors)
 SORT(*)(.dtors)
 *(.init0)
 .init0         0x000000e2        0x0 c:/program files/atmel/avr tools/avr toolchain/bin/../lib/gcc/avr/4.5.1/../../../../avr/lib/avr51/crtm128.o
                0x000000e2                __init
 *(.init0)
 *(.init1)
 *(.init1)
 *(.init2)
 .init2         0x000000e2        0xc c:/program files/atmel/avr tools/avr toolchain/bin/../lib/gcc/avr/4.5.1/../../../../avr/lib/avr51/crtm128.o
 *(.init2)
 *(.init3)
 *(.init3)
 *(.init4)
 .init4         0x000000ee       0x1a c:/program files/atmel/avr tools/avr toolchain/bin/../lib/gcc/avr/4.5.1/avr51\libgcc.a(_copy_data.o)
                0x000000ee                __do_copy_data
 .init4         0x00000108       0x10 c:/program files/atmel/avr tools/avr toolchain/bin/../lib/gcc/avr/4.5.1/avr51\libgcc.a(_clear_bss.o)
                0x00000108                __do_clear_bss
 *(.init4)
 *(.init5)
 *(.init5)
 *(.init6)
 *(.init6)
 *(.init7)
 *(.init7)
 *(.init8)
 *(.init8)
 *(.init9)
 .init9         0x00000118        0x8 c:/program files/atmel/avr tools/avr toolchain/bin/../lib/gcc/avr/4.5.1/../../../../avr/lib/avr51/crtm128.o
 *(.init9)
 *(.text)
 .text          0x00000120        0x4 c:/program files/atmel/avr tools/avr toolchain/bin/../lib/gcc/avr/4.5.1/../../../../avr/lib/avr51/crtm128.o
                0x00000120                __vector_22
                0x00000120                __vector_28
                0x00000120                __vector_1
                0x00000120                __vector_32
                0x00000120                __vector_34
                0x00000120                __vector_24
                0x00000120                __vector_12
                0x00000120                __bad_interrupt
                0x00000120                __vector_6
                0x00000120                __vector_31
                0x00000120                __vector_3
                0x00000120                __vector_23
                0x00000120                __vector_25
                0x00000120                __vector_11
                0x00000120                __vector_13
                0x00000120                __vector_17
                0x00000120                __vector_19
                0x00000120                __vector_7
                0x00000120                __vector_27
                0x00000120                __vector_33
                0x00000120                __vector_4
                0x00000120                __vector_9
                0x00000120                __vector_2
                0x00000120                __vector_21
                0x00000120                __vector_15
                0x00000120                __vector_29
                0x00000120                __vector_8
                0x00000120                __vector_26
                0x00000120                __vector_10
                0x00000120                __vector_16
                0x00000120                __vector_18
                0x00000120                __vector_20
 .text          0x00000124      0x600 test.o
                0x00000124                UART_Transmit
                0x00000146                UART_Receive
                0x0000016c                PrintMatrix
                0x000001c4                __vector_30
                0x000004da                SetupTIMER1
                0x000004ea                __vector_14
                0x000005c8                __vector_5
                0x000005dc                CleanDisp
                0x0000060a                UART_Init
                0x0000063c                getchar1
                0x0000064e                putchar1
                0x0000065c                SystemInit
                0x000006f8                main
 .text          0x00000724      0x246 ht1632_ledbord.o
                0x00000724                ChipSelect
                0x000007da                WriteCommand
                0x0000082a                WriteAddress
                0x00000876                InitBoard
                0x000008a8                WriteData
                0x000008ca                WriteFirst4BitOfData
                0x000008ec                WriteMatrixData
                0x00000926                WriteMatrixFirst4BitOfData
                0x00000960                testport
 .text          0x0000096a      0x3e0 BoardPrinter.o
                0x0000096a                getMainMatrix
                0x00000970                cleanMatrix
                0x00000988                cleanAllBoardMatrix
                0x000009ba                print1LongLine
                0x00000aa8                print1ShortLine
                0x00000b8c                putGreenColorMatrixAsString
                0x00000bfe                putRedColorMatrixAsString
                0x00000c70                print4line
                0x00000cf2                print2line
 .text          0x00000d4a        0x0 watch.o
 .text          0x00000d4a        0x0 c:/program files/atmel/avr tools/avr toolchain/bin/../lib/gcc/avr/4.5.1/avr51\libgcc.a(_exit.o)
 .text          0x00000d4a        0x0 c:/program files/atmel/avr tools/avr toolchain/bin/../lib/gcc/avr/4.5.1/avr51\libgcc.a(_copy_data.o)
 .text          0x00000d4a        0x0 c:/program files/atmel/avr tools/avr toolchain/bin/../lib/gcc/avr/4.5.1/avr51\libgcc.a(_clear_bss.o)
 .text          0x00000d4a        0x0 c:/program files/atmel/avr tools/avr toolchain/bin/../lib/gcc/avr/4.5.1/../../../../avr/lib/avr51\libc.a(iob.o)
 .text          0x00000d4a        0x0 c:/program files/atmel/avr tools/avr toolchain/bin/../lib/gcc/avr/4.5.1/../../../../avr/lib/avr51\libc.a(printf_p.o)
 .text          0x00000d4a        0x0 c:/program files/atmel/avr tools/avr toolchain/bin/../lib/gcc/avr/4.5.1/../../../../avr/lib/avr51\libc.a(vfprintf_std.o)
 .text          0x00000d4a        0x0 c:/program files/atmel/avr tools/avr toolchain/bin/../lib/gcc/avr/4.5.1/../../../../avr/lib/avr51\libc.a(strnlen_P.o)
 .text          0x00000d4a        0x0 c:/program files/atmel/avr tools/avr toolchain/bin/../lib/gcc/avr/4.5.1/../../../../avr/lib/avr51\libc.a(strnlen.o)
 .text          0x00000d4a        0x0 c:/program files/atmel/avr tools/avr toolchain/bin/../lib/gcc/avr/4.5.1/../../../../avr/lib/avr51\libc.a(fputc.o)
 .text          0x00000d4a        0x0 c:/program files/atmel/avr tools/avr toolchain/bin/../lib/gcc/avr/4.5.1/../../../../avr/lib/avr51\libc.a(ultoa_invert.o)
                0x00000d4a                . = ALIGN (0x2)
 *(.text.*)
 .text.libgcc   0x00000d4a        0x0 c:/program files/atmel/avr tools/avr toolchain/bin/../lib/gcc/avr/4.5.1/avr51\libgcc.a(_exit.o)
 .text.libgcc   0x00000d4a        0x0 c:/program files/atmel/avr tools/avr toolchain/bin/../lib/gcc/avr/4.5.1/avr51\libgcc.a(_copy_data.o)
 .text.libgcc   0x00000d4a        0x0 c:/program files/atmel/avr tools/avr toolchain/bin/../lib/gcc/avr/4.5.1/avr51\libgcc.a(_clear_bss.o)
 .text.avr-libc
                0x00000d4a       0x40 c:/program files/atmel/avr tools/avr toolchain/bin/../lib/gcc/avr/4.5.1/../../../../avr/lib/avr51\libc.a(printf_p.o)
                0x00000d4a                printf_P
 .text.avr-libc
                0x00000d8a      0x420 c:/program files/atmel/avr tools/avr toolchain/bin/../lib/gcc/avr/4.5.1/../../../../avr/lib/avr51\libc.a(vfprintf_std.o)
                0x00000d8a                vfprintf
 .text.avr-libc
                0x000011aa       0x16 c:/program files/atmel/avr tools/avr toolchain/bin/../lib/gcc/avr/4.5.1/../../../../avr/lib/avr51\libc.a(strnlen_P.o)
                0x000011aa                strnlen_P
 .text.avr-libc
                0x000011c0       0x16 c:/program files/atmel/avr tools/avr toolchain/bin/../lib/gcc/avr/4.5.1/../../../../avr/lib/avr51\libc.a(strnlen.o)
                0x000011c0                strnlen
 .text.avr-libc
                0x000011d6       0x58 c:/program files/atmel/avr tools/avr toolchain/bin/../lib/gcc/avr/4.5.1/../../../../avr/lib/avr51\libc.a(fputc.o)
                0x000011d6                fputc
 .text.avr-libc
                0x0000122e       0xbc c:/program files/atmel/avr tools/avr toolchain/bin/../lib/gcc/avr/4.5.1/../../../../avr/lib/avr51\libc.a(ultoa_invert.o)
                0x0000122e                __ultoa_invert
                0x000012ea                . = ALIGN (0x2)
 *(.fini9)
 .fini9         0x000012ea        0x0 c:/program files/atmel/avr tools/avr toolchain/bin/../lib/gcc/avr/4.5.1/avr51\libgcc.a(_exit.o)
                0x000012ea                _exit
                0x000012ea                exit
 *(.fini9)
 *(.fini8)
 *(.fini8)
 *(.fini7)
 *(.fini7)
 *(.fini6)
 *(.fini6)
 *(.fini5)
 *(.fini5)
 *(.fini4)
 *(.fini4)
 *(.fini3)
 *(.fini3)
 *(.fini2)
 *(.fini2)
 *(.fini1)
 *(.fini1)
 *(.fini0)
 .fini0         0x000012ea        0x4 c:/program files/atmel/avr tools/avr toolchain/bin/../lib/gcc/avr/4.5.1/avr51\libgcc.a(_exit.o)
 *(.fini0)
                0x000012ee                _etext = .

.data           0x00800100      0x498 load address 0x000012ee
                0x00800100                PROVIDE (__data_start, .)
 *(.data)
 .data          0x00800100        0x0 c:/program files/atmel/avr tools/avr toolchain/bin/../lib/gcc/avr/4.5.1/../../../../avr/lib/avr51/crtm128.o
 .data          0x00800100        0xe test.o
 .data          0x0080010e        0x0 ht1632_ledbord.o
 .data          0x0080010e      0x48a BoardPrinter.o
                0x0080010e                LA
                0x00800114                LB
                0x0080011a                LC
                0x00800120                LD
                0x00800126                LE
                0x0080012b                LF
                0x00800130                LG
                0x00800136                LH
                0x0080013b                LI
                0x0080013f                LJ
                0x00800144                LK
                0x00800149                LL
                0x0080014e                LM
                0x00800154                LN
                0x0080015a                LO
                0x00800160                LP
                0x00800165                LQ
                0x0080016b                LR
                0x00800170                LS
                0x00800176                LT
                0x0080017c                LU
                0x00800182                LV
                0x00800188                LW
                0x0080018e                LX
                0x00800194                LY
                0x0080019a                LZ
                0x008001a0                LAl
                0x008001a5                LBl
                0x008001a9                LCl
                0x008001ad                LDl
                0x008001b1                LEl
                0x008001b5                LFl
                0x008001ba                LGl
                0x008001bf                LHl
                0x008001c3                LIl
                0x008001c5                LJl
                0x008001c9                LKl
                0x008001cd                LLl
                0x008001cf                LMl
                0x008001d5                LNl
                0x008001d9                LOl
                0x008001dd                LPl
                0x008001e1                LQl
                0x008001e6                LRl
                0x008001ea                LSl
                0x008001ee                LTl
                0x008001f2                LUl
                0x008001f6                LVl
                0x008001fa                LWl
                0x00800200                LXl
                0x00800205                LYl
                0x00800209                LZl
                0x0080020d                LRA
                0x00800213                LRB
                0x00800218                LRV
                0x0080021e                LRG
                0x00800223                LRD
                0x00800229                LRE
                0x0080022f                LRHG
                0x00800235                LRZ
                0x0080023b                LRI
                0x00800241                LRIi
                0x00800247                LRK
                0x0080024c                LRL
                0x00800252                LRM
                0x00800258                LRN
                0x0080025d                LRO
                0x00800263                LRP
                0x00800268                LRR
                0x0080026d                LRS
                0x00800273                LRT
                0x00800279                LRU
                0x0080027e                LRF
                0x00800284                LRH
                0x0080028a                LRC
                0x00800290                LR4
                0x00800295                LRSH
                0x0080029b                LRSCH
                0x008002a2                LRTZ
                0x008002a8                LRII
                0x008002af                LRMZ
                0x008002b4                LREE
                0x008002ba                LRYU
                0x008002c1                LRYA
                0x008002c6                LRAl
                0x008002cb                LRBl
                0x008002cf                LRVl
                0x008002d3                LRGl
                0x008002d7                LRDl
                0x008002dd                LREl
                0x008002e1                LRHGl
                0x008002e7                LRZl
                0x008002ec                LRIl
                0x008002f1                LRIil
                0x008002f6                LRKl
                0x008002fa                LRLl
                0x008002ff                LRMl
                0x00800305                LRNl
                0x00800309                LROl
                0x0080030d                LRPl
                0x00800311                LRRl
                0x00800315                LRSl
                0x00800319                LRTl
                0x0080031d                LRUl
                0x00800321                LRFl
                0x00800327                LRHl
                0x0080032b                LRCl
                0x00800330                LR4l
                0x00800334                LRSHl
                0x0080033a                LRSCHl
                0x00800341                LRTZl
                0x00800346                LRIIl
                0x0080034c                LRMZl
                0x00800350                LREEl
                0x00800355                LRYUl
                0x0080035b                LRYAl
                0x00800360                SPASE
                0x00800363                DPOINT
                0x00800365                BACKSLESH
                0x00800368                OPOINT
                0x0080036a                LN0
                0x0080036f                LN1
                0x00800372                LN2
                0x00800377                LN3
                0x0080037c                LN4
                0x00800381                LN5
                0x00800386                LN6
                0x0080038b                LN7
                0x00800390                LN8
                0x00800395                LN9
                0x0080039a                Alphabate
 .data          0x00800598        0x0 watch.o
 .data          0x00800598        0x0 c:/program files/atmel/avr tools/avr toolchain/bin/../lib/gcc/avr/4.5.1/avr51\libgcc.a(_exit.o)
 .data          0x00800598        0x0 c:/program files/atmel/avr tools/avr toolchain/bin/../lib/gcc/avr/4.5.1/avr51\libgcc.a(_copy_data.o)
 .data          0x00800598        0x0 c:/program files/atmel/avr tools/avr toolchain/bin/../lib/gcc/avr/4.5.1/avr51\libgcc.a(_clear_bss.o)
 .data          0x00800598        0x0 c:/program files/atmel/avr tools/avr toolchain/bin/../lib/gcc/avr/4.5.1/../../../../avr/lib/avr51\libc.a(iob.o)
 .data          0x00800598        0x0 c:/program files/atmel/avr tools/avr toolchain/bin/../lib/gcc/avr/4.5.1/../../../../avr/lib/avr51\libc.a(printf_p.o)
 .data          0x00800598        0x0 c:/program files/atmel/avr tools/avr toolchain/bin/../lib/gcc/avr/4.5.1/../../../../avr/lib/avr51\libc.a(vfprintf_std.o)
 .data          0x00800598        0x0 c:/program files/atmel/avr tools/avr toolchain/bin/../lib/gcc/avr/4.5.1/../../../../avr/lib/avr51\libc.a(strnlen_P.o)
 .data          0x00800598        0x0 c:/program files/atmel/avr tools/avr toolchain/bin/../lib/gcc/avr/4.5.1/../../../../avr/lib/avr51\libc.a(strnlen.o)
 .data          0x00800598        0x0 c:/program files/atmel/avr tools/avr toolchain/bin/../lib/gcc/avr/4.5.1/../../../../avr/lib/avr51\libc.a(fputc.o)
 .data          0x00800598        0x0 c:/program files/atmel/avr tools/avr toolchain/bin/../lib/gcc/avr/4.5.1/../../../../avr/lib/avr51\libc.a(ultoa_invert.o)
 *(.data*)
 *(.rodata)
 *(.rodata*)
 *(.gnu.linkonce.d*)
                0x00800598                . = ALIGN (0x2)
                0x00800598                _edata = .
                0x00800598                PROVIDE (__data_end, .)

.bss            0x00800598      0x42f
                0x00800598                PROVIDE (__bss_start, .)
 *(.bss)
 .bss           0x00800598        0x0 c:/program files/atmel/avr tools/avr toolchain/bin/../lib/gcc/avr/4.5.1/../../../../avr/lib/avr51/crtm128.o
 .bss           0x00800598       0x21 test.o
 .bss           0x008005b9        0x2 ht1632_ledbord.o
 .bss           0x008005bb      0x200 BoardPrinter.o
 .bss           0x008007bb        0x0 watch.o
 .bss           0x008007bb        0x0 c:/program files/atmel/avr tools/avr toolchain/bin/../lib/gcc/avr/4.5.1/avr51\libgcc.a(_exit.o)
 .bss           0x008007bb        0x0 c:/program files/atmel/avr tools/avr toolchain/bin/../lib/gcc/avr/4.5.1/avr51\libgcc.a(_copy_data.o)
 .bss           0x008007bb        0x0 c:/program files/atmel/avr tools/avr toolchain/bin/../lib/gcc/avr/4.5.1/avr51\libgcc.a(_clear_bss.o)
 .bss           0x008007bb        0x0 c:/program files/atmel/avr tools/avr toolchain/bin/../lib/gcc/avr/4.5.1/../../../../avr/lib/avr51\libc.a(iob.o)
 .bss           0x008007bb        0x0 c:/program files/atmel/avr tools/avr toolchain/bin/../lib/gcc/avr/4.5.1/../../../../avr/lib/avr51\libc.a(printf_p.o)
 .bss           0x008007bb        0x0 c:/program files/atmel/avr tools/avr toolchain/bin/../lib/gcc/avr/4.5.1/../../../../avr/lib/avr51\libc.a(vfprintf_std.o)
 .bss           0x008007bb        0x0 c:/program files/atmel/avr tools/avr toolchain/bin/../lib/gcc/avr/4.5.1/../../../../avr/lib/avr51\libc.a(strnlen_P.o)
 .bss           0x008007bb        0x0 c:/program files/atmel/avr tools/avr toolchain/bin/../lib/gcc/avr/4.5.1/../../../../avr/lib/avr51\libc.a(strnlen.o)
 .bss           0x008007bb        0x0 c:/program files/atmel/avr tools/avr toolchain/bin/../lib/gcc/avr/4.5.1/../../../../avr/lib/avr51\libc.a(fputc.o)
 .bss           0x008007bb        0x0 c:/program files/atmel/avr tools/avr toolchain/bin/../lib/gcc/avr/4.5.1/../../../../avr/lib/avr51\libc.a(ultoa_invert.o)
 *(.bss*)
 *(COMMON)
 COMMON         0x008007bb      0x206 test.o
                0x008007bb                ddata
                0x008007bc                bufu1
                0x008008bc                message
                0x008009bc                ii
                0x008009be                cddata
                0x008009bf                bufu1_index
 COMMON         0x008009c1        0x6 c:/program files/atmel/avr tools/avr toolchain/bin/../lib/gcc/avr/4.5.1/../../../../avr/lib/avr51\libc.a(iob.o)
                0x008009c1                __iob
                0x008009c7                PROVIDE (__bss_end, .)
                0x000012ee                __data_load_start = LOADADDR (.data)
                0x00001786                __data_load_end = (__data_load_start + SIZEOF (.data))

.noinit         0x008009c7        0x0
                0x008009c7                PROVIDE (__noinit_start, .)
 *(.noinit*)
                0x008009c7                PROVIDE (__noinit_end, .)
                0x008009c7                _end = .
                0x008009c7                PROVIDE (__heap_start, .)

.eeprom         0x00810000        0x0
 *(.eeprom*)
                0x00810000                __eeprom_end = .

.fuse
 *(.fuse)
 *(.lfuse)
 *(.hfuse)
 *(.efuse)

.lock
 *(.lock*)

.signature
 *(.signature*)

.stab           0x00000000      0xc84
 *(.stab)
 .stab          0x00000000      0x6cc c:/program files/atmel/avr tools/avr toolchain/bin/../lib/gcc/avr/4.5.1/../../../../avr/lib/avr51/crtm128.o
 .stab          0x000006cc       0x9c c:/program files/atmel/avr tools/avr toolchain/bin/../lib/gcc/avr/4.5.1/../../../../avr/lib/avr51\libc.a(strnlen_P.o)
                                 0xa8 (size before relaxing)
 .stab          0x00000768       0x9c c:/program files/atmel/avr tools/avr toolchain/bin/../lib/gcc/avr/4.5.1/../../../../avr/lib/avr51\libc.a(strnlen.o)
                                 0xa8 (size before relaxing)
 .stab          0x00000804      0x480 c:/program files/atmel/avr tools/avr toolchain/bin/../lib/gcc/avr/4.5.1/../../../../avr/lib/avr51\libc.a(ultoa_invert.o)
                                0x48c (size before relaxing)

.stabstr        0x00000000      0x1b6
 *(.stabstr)
 .stabstr       0x00000000      0x1b6 c:/program files/atmel/avr tools/avr toolchain/bin/../lib/gcc/avr/4.5.1/../../../../avr/lib/avr51/crtm128.o

.stab.excl
 *(.stab.excl)

.stab.exclstr
 *(.stab.exclstr)

.stab.index
 *(.stab.index)

.stab.indexstr
 *(.stab.indexstr)

.comment
 *(.comment)

.debug
 *(.debug)

.line
 *(.line)

.debug_srcinfo
 *(.debug_srcinfo)

.debug_sfnames
 *(.debug_sfnames)

.debug_aranges  0x00000000       0xc0
 *(.debug_aranges)
 .debug_aranges
                0x00000000       0x20 test.o
 .debug_aranges
                0x00000020       0x20 ht1632_ledbord.o
 .debug_aranges
                0x00000040       0x20 BoardPrinter.o
 .debug_aranges
                0x00000060       0x20 c:/program files/atmel/avr tools/avr toolchain/bin/../lib/gcc/avr/4.5.1/../../../../avr/lib/avr51\libc.a(printf_p.o)
 .debug_aranges
                0x00000080       0x20 c:/program files/atmel/avr tools/avr toolchain/bin/../lib/gcc/avr/4.5.1/../../../../avr/lib/avr51\libc.a(vfprintf_std.o)
 .debug_aranges
                0x000000a0       0x20 c:/program files/atmel/avr tools/avr toolchain/bin/../lib/gcc/avr/4.5.1/../../../../avr/lib/avr51\libc.a(fputc.o)

.debug_pubnames
                0x00000000      0x759
 *(.debug_pubnames)
 .debug_pubnames
                0x00000000      0x114 test.o
 .debug_pubnames
                0x00000114       0xb8 ht1632_ledbord.o
 .debug_pubnames
                0x000001cc      0x517 BoardPrinter.o
 .debug_pubnames
                0x000006e3       0x1c c:/program files/atmel/avr tools/avr toolchain/bin/../lib/gcc/avr/4.5.1/../../../../avr/lib/avr51\libc.a(iob.o)
 .debug_pubnames
                0x000006ff       0x1f c:/program files/atmel/avr tools/avr toolchain/bin/../lib/gcc/avr/4.5.1/../../../../avr/lib/avr51\libc.a(printf_p.o)
 .debug_pubnames
                0x0000071e       0x1f c:/program files/atmel/avr tools/avr toolchain/bin/../lib/gcc/avr/4.5.1/../../../../avr/lib/avr51\libc.a(vfprintf_std.o)
 .debug_pubnames
                0x0000073d       0x1c c:/program files/atmel/avr tools/avr toolchain/bin/../lib/gcc/avr/4.5.1/../../../../avr/lib/avr51\libc.a(fputc.o)

.debug_info     0x00000000     0x3305
 *(.debug_info)
 .debug_info    0x00000000      0x63f test.o
 .debug_info    0x0000063f      0xf81 ht1632_ledbord.o
 .debug_info    0x000015c0     0x14d2 BoardPrinter.o
 .debug_info    0x00002a92       0xa7 watch.o
 .debug_info    0x00002b39      0x14f c:/program files/atmel/avr tools/avr toolchain/bin/../lib/gcc/avr/4.5.1/../../../../avr/lib/avr51\libc.a(iob.o)
 .debug_info    0x00002c88      0x1c6 c:/program files/atmel/avr tools/avr toolchain/bin/../lib/gcc/avr/4.5.1/../../../../avr/lib/avr51\libc.a(printf_p.o)
 .debug_info    0x00002e4e      0x350 c:/program files/atmel/avr tools/avr toolchain/bin/../lib/gcc/avr/4.5.1/../../../../avr/lib/avr51\libc.a(vfprintf_std.o)
 .debug_info    0x0000319e      0x167 c:/program files/atmel/avr tools/avr toolchain/bin/../lib/gcc/avr/4.5.1/../../../../avr/lib/avr51\libc.a(fputc.o)
 *(.gnu.linkonce.wi.*)

.debug_abbrev   0x00000000      0xa7d
 *(.debug_abbrev)
 .debug_abbrev  0x00000000      0x2ac test.o
 .debug_abbrev  0x000002ac      0x223 ht1632_ledbord.o
 .debug_abbrev  0x000004cf      0x157 BoardPrinter.o
 .debug_abbrev  0x00000626       0x3e watch.o
 .debug_abbrev  0x00000664       0xc5 c:/program files/atmel/avr tools/avr toolchain/bin/../lib/gcc/avr/4.5.1/../../../../avr/lib/avr51\libc.a(iob.o)
 .debug_abbrev  0x00000729      0x11c c:/program files/atmel/avr tools/avr toolchain/bin/../lib/gcc/avr/4.5.1/../../../../avr/lib/avr51\libc.a(printf_p.o)
 .debug_abbrev  0x00000845      0x15f c:/program files/atmel/avr tools/avr toolchain/bin/../lib/gcc/avr/4.5.1/../../../../avr/lib/avr51\libc.a(vfprintf_std.o)
 .debug_abbrev  0x000009a4       0xd9 c:/program files/atmel/avr tools/avr toolchain/bin/../lib/gcc/avr/4.5.1/../../../../avr/lib/avr51\libc.a(fputc.o)

.debug_line     0x00000000     0x1e48
 *(.debug_line)
 .debug_line    0x00000000      0x72a test.o
 .debug_line    0x0000072a      0x834 ht1632_ledbord.o
 .debug_line    0x00000f5e      0x487 BoardPrinter.o
 .debug_line    0x000013e5       0x4c watch.o
 .debug_line    0x00001431       0xeb c:/program files/atmel/avr tools/avr toolchain/bin/../lib/gcc/avr/4.5.1/../../../../avr/lib/avr51\libc.a(iob.o)
 .debug_line    0x0000151c      0x198 c:/program files/atmel/avr tools/avr toolchain/bin/../lib/gcc/avr/4.5.1/../../../../avr/lib/avr51\libc.a(printf_p.o)
 .debug_line    0x000016b4      0x64d c:/program files/atmel/avr tools/avr toolchain/bin/../lib/gcc/avr/4.5.1/../../../../avr/lib/avr51\libc.a(vfprintf_std.o)
 .debug_line    0x00001d01      0x147 c:/program files/atmel/avr tools/avr toolchain/bin/../lib/gcc/avr/4.5.1/../../../../avr/lib/avr51\libc.a(fputc.o)

.debug_frame    0x00000000      0x280
 *(.debug_frame)
 .debug_frame   0x00000000       0xe0 test.o
 .debug_frame   0x000000e0       0xa0 ht1632_ledbord.o
 .debug_frame   0x00000180       0xa0 BoardPrinter.o
 .debug_frame   0x00000220       0x20 c:/program files/atmel/avr tools/avr toolchain/bin/../lib/gcc/avr/4.5.1/../../../../avr/lib/avr51\libc.a(printf_p.o)
 .debug_frame   0x00000240       0x20 c:/program files/atmel/avr tools/avr toolchain/bin/../lib/gcc/avr/4.5.1/../../../../avr/lib/avr51\libc.a(vfprintf_std.o)
 .debug_frame   0x00000260       0x20 c:/program files/atmel/avr tools/avr toolchain/bin/../lib/gcc/avr/4.5.1/../../../../avr/lib/avr51\libc.a(fputc.o)

.debug_str      0x00000000      0x7e1
 *(.debug_str)
 .debug_str     0x00000000      0x1e3 test.o
                                0x22e (size before relaxing)
 .debug_str     0x000001e3      0x111 ht1632_ledbord.o
                                0x1b1 (size before relaxing)
 .debug_str     0x000002f4      0x2df BoardPrinter.o
                                0x346 (size before relaxing)
 .debug_str     0x000005d3       0x50 watch.o
                                 0x8c (size before relaxing)
 .debug_str     0x00000623       0x4e c:/program files/atmel/avr tools/avr toolchain/bin/../lib/gcc/avr/4.5.1/../../../../avr/lib/avr51\libc.a(iob.o)
                                 0xf2 (size before relaxing)
 .debug_str     0x00000671       0x7d c:/program files/atmel/avr tools/avr toolchain/bin/../lib/gcc/avr/4.5.1/../../../../avr/lib/avr51\libc.a(printf_p.o)
                                0x129 (size before relaxing)
 .debug_str     0x000006ee       0x9d c:/program files/atmel/avr tools/avr toolchain/bin/../lib/gcc/avr/4.5.1/../../../../avr/lib/avr51\libc.a(vfprintf_std.o)
                                0x177 (size before relaxing)
 .debug_str     0x0000078b       0x56 c:/program files/atmel/avr tools/avr toolchain/bin/../lib/gcc/avr/4.5.1/../../../../avr/lib/avr51\libc.a(fputc.o)
                                 0xfb (size before relaxing)

.debug_loc      0x00000000     0x16d0
 *(.debug_loc)
 .debug_loc     0x00000000      0x28a test.o
 .debug_loc     0x0000028a      0x73a ht1632_ledbord.o
 .debug_loc     0x000009c4      0x60b BoardPrinter.o
 .debug_loc     0x00000fcf      0x6b1 c:/program files/atmel/avr tools/avr toolchain/bin/../lib/gcc/avr/4.5.1/../../../../avr/lib/avr51\libc.a(vfprintf_std.o)
 .debug_loc     0x00001680       0x50 c:/program files/atmel/avr tools/avr toolchain/bin/../lib/gcc/avr/4.5.1/../../../../avr/lib/avr51\libc.a(fputc.o)

.debug_macinfo
 *(.debug_macinfo)
OUTPUT(test.elf elf32-avr)
LOAD linker stubs

.debug_pubtypes
                0x00000000      0x175
 .debug_pubtypes
                0x00000000       0x36 test.o
 .debug_pubtypes
                0x00000036       0x2b ht1632_ledbord.o
 .debug_pubtypes
                0x00000061       0x27 BoardPrinter.o
 .debug_pubtypes
                0x00000088       0x29 c:/program files/atmel/avr tools/avr toolchain/bin/../lib/gcc/avr/4.5.1/../../../../avr/lib/avr51\libc.a(iob.o)
 .debug_pubtypes
                0x000000b1       0x48 c:/program files/atmel/avr tools/avr toolchain/bin/../lib/gcc/avr/4.5.1/../../../../avr/lib/avr51\libc.a(printf_p.o)
 .debug_pubtypes
                0x000000f9       0x53 c:/program files/atmel/avr tools/avr toolchain/bin/../lib/gcc/avr/4.5.1/../../../../avr/lib/avr51\libc.a(vfprintf_std.o)
 .debug_pubtypes
                0x0000014c       0x29 c:/program files/atmel/avr tools/avr toolchain/bin/../lib/gcc/avr/4.5.1/../../../../avr/lib/avr51\libc.a(fputc.o)

.debug_ranges   0x00000000       0xd8
 .debug_ranges  0x00000000       0x90 BoardPrinter.o
 .debug_ranges  0x00000090       0x10 c:/program files/atmel/avr tools/avr toolchain/bin/../lib/gcc/avr/4.5.1/../../../../avr/lib/avr51\libc.a(printf_p.o)
 .debug_ranges  0x000000a0       0x28 c:/program files/atmel/avr tools/avr toolchain/bin/../lib/gcc/avr/4.5.1/../../../../avr/lib/avr51\libc.a(vfprintf_std.o)
 .debug_ranges  0x000000c8       0x10 c:/program files/atmel/avr tools/avr toolchain/bin/../lib/gcc/avr/4.5.1/../../../../avr/lib/avr51\libc.a(fputc.o)
